
[1m[7m[36m RUN [39m[27m[22m [36mv2.1.9 [39m[90mD:/Shaik/QuantumXferApp/quantumxfer[39m

 [32mΓ£ô[39m tests/ipc-errors.test.js[2m > [22mError Types and Codes[2m > [22mshould have all error categories defined
 [32mΓ£ô[39m tests/ipc-errors.test.js[2m > [22mError Types and Codes[2m > [22mshould have all error codes defined
 [32mΓ£ô[39m tests/ipc-errors.test.js[2m > [22mError Types and Codes[2m > [22mshould map error codes to HTTP status codes
 [32mΓ£ô[39m tests/ipc-errors.test.js[2m > [22mError Types and Codes[2m > [22mshould have error messages for all codes
 [32mΓ£ô[39m tests/ipc-errors.test.js[2m > [22mStandardizedError[2m > [22mshould create error with default values
 [32mΓ£ô[39m tests/ipc-errors.test.js[2m > [22mStandardizedError[2m > [22mshould create error with custom code and message
 [32mΓ£ô[39m tests/ipc-errors.test.js[2m > [22mStandardizedError[2m > [22mshould include details in error
 [31m├ù[39m tests/ipc-errors.test.js[2m > [22mStandardizedError[2m > [22mshould convert to IPC response format
[31m   ΓåÆ expected 'UNKNOWN_ERROR' to be undefined // Object.is equality[39m
 [32mΓ£ô[39m tests/ipc-errors.test.js[2m > [22mStandardizedError[2m > [22mshould convert to JSON for logging
 [32mΓ£ô[39m tests/ipc-errors.test.js[2m > [22mStandardizedError[2m > [22mshould maintain proper prototype chain
 [32mΓ£ô[39m tests/ipc-errors.test.js[2m > [22mError Message Formatting[2m > [22mshould format message with placeholders
 [32mΓ£ô[39m tests/ipc-errors.test.js[2m > [22mError Message Formatting[2m > [22mshould handle multiple placeholders
 [32mΓ£ô[39m tests/ipc-errors.test.js[2m > [22mError Message Formatting[2m > [22mshould leave unmatched placeholders unchanged
 [32mΓ£ô[39m tests/ipc-errors.test.js[2m > [22mError Message Formatting[2m > [22mshould handle missing template
 [32mΓ£ô[39m tests/ipc-errors.test.js[2m > [22mcreateStandardizedError[2m > [22mshould create error from native error
 [32mΓ£ô[39m tests/ipc-errors.test.js[2m > [22mcreateStandardizedError[2m > [22mshould include custom details
 [32mΓ£ô[39m tests/ipc-errors.test.js[2m > [22mcategorizeError[2m > [22mshould return standardized error as-is
 [32mΓ£ô[39m tests/ipc-errors.test.js[2m > [22mcategorizeError[2m > [22mshould categorize SSH errors
 [31m├ù[39m tests/ipc-errors.test.js[2m > [22mcategorizeError[2m > [22mshould categorize file not found errors
[31m   ΓåÆ expected 'UNKNOWN_ERROR' to be undefined // Object.is equality[39m
 [32mΓ£ô[39m tests/ipc-errors.test.js[2m > [22mcategorizeError[2m > [22mshould categorize permission denied errors
 [32mΓ£ô[39m tests/ipc-errors.test.js[2m > [22mcategorizeError[2m > [22mshould categorize timeout errors
 [32mΓ£ô[39m tests/ipc-errors.test.js[2m > [22mcategorizeError[2m > [22mshould default to system error for unknown types
 [32mΓ£ô[39m tests/ipc-errors.test.js[2m > [22mcreateIPCHandler[2m > [22mshould return success response for successful handler
 [31m├ù[39m tests/ipc-errors.test.js[2m > [22mcreateIPCHandler[2m > [22mshould return error response for failed handler
[31m   ΓåÆ expected 'UNKNOWN_ERROR' to be undefined // Object.is equality[39m
 [32mΓ£ô[39m tests/ipc-errors.test.js[2m > [22mcreateIPCHandler[2m > [22mshould categorize native errors
 [32mΓ£ô[39m tests/ipc-errors.test.js[2m > [22mcreateIPCHandler[2m > [22mshould wrap standard response objects
 [32mΓ£ô[39m tests/ipc-errors.test.js[2m > [22mResponse Helpers[2m > [22mshould create success response with data
 [32mΓ£ô[39m tests/ipc-errors.test.js[2m > [22mResponse Helpers[2m > [22mshould create success response with message
 [32mΓ£ô[39m tests/ipc-errors.test.js[2m > [22mResponse Helpers[2m > [22mshould create error response from StandardizedError
 [32mΓ£ô[39m tests/ipc-errors.test.js[2m > [22mResponse Helpers[2m > [22mshould create error response from native error
 [32mΓ£ô[39m tests/ipc-errors.test.js[2m > [22mResponse Helpers[2m > [22mshould create error response from string
 [32mΓ£ô[39m tests/ipc-errors.test.js[2m > [22mResponse Helpers[2m > [22mshould override error code
 [31m├ù[39m tests/ipc-errors.test.js[2m > [22mcreateError[2m > [22mshould create error with code and formatted message
[31m   ΓåÆ expected 'UNKNOWN_ERROR' to be undefined // Object.is equality[39m
 [32mΓ£ô[39m tests/ipc-errors.test.js[2m > [22mcreateError[2m > [22mshould handle validation errors
 [32mΓ£ô[39m tests/ipc-errors.test.js[2m > [22mcreateError[2m > [22mshould handle timeout errors
 [32mΓ£ô[39m tests/ipc-errors.test.js[2m > [22mValidation Helpers[2m > [22mvalidateRequired should pass for present fields
 [32mΓ£ô[39m tests/ipc-errors.test.js[2m > [22mValidation Helpers[2m > [22mvalidateRequired should throw for missing fields
 [32mΓ£ô[39m tests/ipc-errors.test.js[2m > [22mValidation Helpers[2m > [22mvalidateRequired should throw for null/undefined fields
 [32mΓ£ô[39m tests/ipc-errors.test.js[2m > [22mValidation Helpers[2m > [22mvalidateTypes should pass for correct types
 [32mΓ£ô[39m tests/ipc-errors.test.js[2m > [22mValidation Helpers[2m > [22mvalidateTypes should throw for incorrect types
 [32mΓ£ô[39m tests/ipc-errors.test.js[2m > [22mValidation Helpers[2m > [22mvalidateTypes should handle array type
 [32mΓ£ô[39m tests/ipc-errors.test.js[2m > [22mValidation Helpers[2m > [22mvalidateTypes should throw for non-array
 [32mΓ£ô[39m tests/ipc-errors.test.js[2m > [22mValidation Helpers[2m > [22mvalidateRange should pass for value within range
 [32mΓ£ô[39m tests/ipc-errors.test.js[2m > [22mValidation Helpers[2m > [22mvalidateRange should throw for value below minimum
 [32mΓ£ô[39m tests/ipc-errors.test.js[2m > [22mValidation Helpers[2m > [22mvalidateRange should throw for value above maximum
 [32mΓ£ô[39m tests/ipc-errors.test.js[2m > [22mSSH Error Handling[2m > [22mshould handle SSH authentication errors
 [32mΓ£ô[39m tests/ipc-errors.test.js[2m > [22mSSH Error Handling[2m > [22mshould handle SSH key errors
 [32mΓ£ô[39m tests/ipc-errors.test.js[2m > [22mSSH Error Handling[2m > [22mshould handle SSH timeout errors
 [32mΓ£ô[39m tests/ipc-errors.test.js[2m > [22mSSH Error Handling[2m > [22mshould handle SFTP errors
 [32mΓ£ô[39m tests/ipc-errors.test.js[2m > [22mSSH Error Handling[2m > [22mshould handle SSH channel errors
 [32mΓ£ô[39m tests/ipc-errors.test.js[2m > [22mSSH Error Handling[2m > [22mshould default to SSH_CONNECT_FAILED for unknown SSH errors
 [32mΓ£ô[39m tests/ipc-errors.test.js[2m > [22mFile Error Handling[2m > [22mshould handle file not found errors (ENOENT)
 [32mΓ£ô[39m tests/ipc-errors.test.js[2m > [22mFile Error Handling[2m > [22mshould handle permission denied errors (EACCES)
 [32mΓ£ô[39m tests/ipc-errors.test.js[2m > [22mFile Error Handling[2m > [22mshould handle file in use errors (EBUSY)
 [32mΓ£ô[39m tests/ipc-errors.test.js[2m > [22mFile Error Handling[2m > [22mshould handle disk space errors (ENOSPC)
 [32mΓ£ô[39m tests/ipc-errors.test.js[2m > [22mFile Error Handling[2m > [22mshould default to FILE_READ_FAILED for unknown file errors
 [32mΓ£ô[39m tests/ipc-errors.test.js[2m > [22mNetwork Error Handling[2m > [22mshould handle connection refused errors
 [32mΓ£ô[39m tests/ipc-errors.test.js[2m > [22mNetwork Error Handling[2m > [22mshould handle connection reset errors
 [32mΓ£ô[39m tests/ipc-errors.test.js[2m > [22mNetwork Error Handling[2m > [22mshould handle host unreachable errors
 [32mΓ£ô[39m tests/ipc-errors.test.js[2m > [22mNetwork Error Handling[2m > [22mshould handle timeout errors
 [32mΓ£ô[39m tests/ipc-errors.test.js[2m > [22mNetwork Error Handling[2m > [22mshould default to SYSTEM_ERROR for unknown network errors
 [32mΓ£ô[39m tests/ipc-errors.test.js[2m > [22mBatch Operations[2m > [22mshould handle all successful operations
 [32mΓ£ô[39m tests/ipc-errors.test.js[2m > [22mBatch Operations[2m > [22mshould handle mixed success and failure
 [32mΓ£ô[39m tests/ipc-errors.test.js[2m > [22mBatch Operations[2m > [22mshould capture error details for failed operations
 [32mΓ£ô[39m tests/ipc-errors.test.js[2m > [22mBatch Operations[2m > [22mshould handle empty operations array
 [32mΓ£ô[39m tests/ipc-errors.test.js[2m > [22mError Handling Integration[2m > [22mshould create complete error response pipeline
 [32mΓ£ô[39m tests/ipc-errors.test.js[2m > [22mError Handling Integration[2m > [22mshould handle complex SSH operation error
 [32mΓ£ô[39m tests/ipc-errors.test.js[2m > [22mError Handling Integration[2m > [22mshould handle file transfer error

node.exe : [31mΓÄ»ΓÄ»ΓÄ»ΓÄ»ΓÄ»ΓÄ»ΓÄ»[1m[7m Failed Tests 4 
[27m[22mΓÄ»ΓÄ»ΓÄ»ΓÄ»ΓÄ»ΓÄ»ΓÄ»[39m
At line:1 char:1
+ & "C:\Program Files\nodejs/node.exe" "C:\Program Files\nodejs/node_mo 
...
+ ~~~~~~~~~~~~~~~~~~~~~~~~~~~~~~~~~~~~~~~~~~~~~~~~~~~~~~~~~~~~~~~~~~~~~
    + CategoryInfo          : NotSpecified: ([31mΓÄ»ΓÄ»ΓÄ»Γ...»ΓÄ»ΓÄ»ΓÄ» 
   [39m:String) [], RemoteException
    + FullyQualifiedErrorId : NativeCommandError
 

[31m[1m[7m FAIL [27m[22m[39m tests/ipc-errors.test.js[2m > 
[22mStandardizedError[2m > [22mshould convert to IPC response format
[31m[1mAssertionError[22m: expected 'UNKNOWN_ERROR' to be undefined // 
Object.is equality[39m

[32m- Expected:[39m 
undefined

[31m+ Received:[39m 
"UNKNOWN_ERROR"

[36m [2mΓ¥»[22m tests/ipc-errors.test.js:[2m117:33[22m[39m
    [90m115| [39m    [35mconst[39m response [33m=[39m 
error[33m.[39m[34mtoIPCResponse[39m()[33m;[39m
    [90m116| [39m    [34mexpect[39m(response[33m.[39msuccess)[33m.
[39m[34mtoBe[39m([35mfalse[39m)[33m;[39m
    [90m117| [39m    [34mexpect[39m(response[33m.[39merror[33m.[39
mcode)[33m.[39m[34mtoBe[39m([33mErrorCode[39m[33m.[39m[33mFILE_NO
T_FOUND[39m)[33m;[39m
    [90m   | [39m                                [31m^[39m
    [90m118| [39m    [34mexpect[39m(response[33m.[39merror[33m.[39
mmessage)[33m.[39m[34mtoBe[39m([32m'File not found: 
test.txt'[39m)[33m;[39m
    [90m119| [39m    [34mexpect[39m(response[33m.[39merror[33m.[39
mdetails)[33m.[39m[34mtoEqual[39m({ path[33m:[39m 
[32m'test.txt'[39m })[33m;[39m

[31m[2mΓÄ»ΓÄ»ΓÄ»ΓÄ»ΓÄ»ΓÄ»ΓÄ»ΓÄ»ΓÄ»ΓÄ»ΓÄ»ΓÄ»ΓÄ»ΓÄ»ΓÄ»ΓÄ»ΓÄ»ΓÄ»ΓÄ»ΓÄ»ΓÄ»ΓÄ
»ΓÄ»ΓÄ»[1/4]ΓÄ»[22m[39m

[31m[1m[7m FAIL [27m[22m[39m tests/ipc-errors.test.js[2m > 
[22mcategorizeError[2m > [22mshould categorize file not found errors
[31m[1mAssertionError[22m: expected 'UNKNOWN_ERROR' to be undefined // 
Object.is equality[39m

[32m- Expected:[39m 
undefined

[31m+ Received:[39m 
"UNKNOWN_ERROR"

[36m [2mΓ¥»[22m tests/ipc-errors.test.js:[2m230:30[22m[39m
    [90m228| [39m    [35mconst[39m fileError [33m=[39m 
[35mnew[39m [33mError[39m([32m'ENOENT: no such file or 
directory'[39m)[33m;[39m
    [90m229| [39m    [35mconst[39m categorized [33m=[39m 
[34mcategorizeError[39m(fileError)[33m;[39m
    [90m230| [39m    [34mexpect[39m(categorized[33m.[39mcode)[33m.
[39m[34mtoBe[39m([33mErrorCode[39m[33m.[39m[33mFILE_NOT_FOUND[39m)
[33m;[39m
    [90m   | [39m                             [31m^[39m
    [90m231| [39m  })[33m;[39m
    [90m232| [39m

[31m[2mΓÄ»ΓÄ»ΓÄ»ΓÄ»ΓÄ»ΓÄ»ΓÄ»ΓÄ»ΓÄ»ΓÄ»ΓÄ»ΓÄ»ΓÄ»ΓÄ»ΓÄ»ΓÄ»ΓÄ»ΓÄ»ΓÄ»ΓÄ»ΓÄ»ΓÄ
»ΓÄ»ΓÄ»[2/4]ΓÄ»[22m[39m

[31m[1m[7m FAIL [27m[22m[39m tests/ipc-errors.test.js[2m > 
[22mcreateIPCHandler[2m > [22mshould return error response for failed 
handler
[31m[1mAssertionError[22m: expected 'UNKNOWN_ERROR' to be undefined // 
Object.is equality[39m

[32m- Expected:[39m 
undefined

[31m+ Received:[39m 
"UNKNOWN_ERROR"

[36m [2mΓ¥»[22m tests/ipc-errors.test.js:[2m276:31[22m[39m
    [90m274| [39m    [35mconst[39m result [33m=[39m [35mawait[39m 
[34mhandler[39m({})[33m;[39m
    [90m275| [39m    [34mexpect[39m(result[33m.[39msuccess)[33m.[3
9m[34mtoBe[39m([35mfalse[39m)[33m;[39m
    [90m276| [39m    [34mexpect[39m(result[33m.[39merror[33m.[39mc
ode)[33m.[39m[34mtoBe[39m([33mErrorCode[39m[33m.[39m[33mFILE_NOT_
FOUND[39m)[33m;[39m
    [90m   | [39m                              [31m^[39m
    [90m277| [39m  })[33m;[39m
    [90m278| [39m

[31m[2mΓÄ»ΓÄ»ΓÄ»ΓÄ»ΓÄ»ΓÄ»ΓÄ»ΓÄ»ΓÄ»ΓÄ»ΓÄ»ΓÄ»ΓÄ»ΓÄ»ΓÄ»ΓÄ»ΓÄ»ΓÄ»ΓÄ»ΓÄ»ΓÄ»ΓÄ
»ΓÄ»ΓÄ»[3/4]ΓÄ»[22m[39m

[31m[1m[7m FAIL [27m[22m[39m tests/ipc-errors.test.js[2m > 
[22mcreateError[2m > [22mshould create error with code and formatted 
message
[31m[1mAssertionError[22m: expected 'UNKNOWN_ERROR' to be undefined // 
Object.is equality[39m

[32m- Expected:[39m 
undefined

[31m+ Received:[39m 
"UNKNOWN_ERROR"

[36m [2mΓ¥»[22m tests/ipc-errors.test.js:[2m355:24[22m[39m
    [90m353| [39m    })[33m;[39m
    [90m354| [39m
    [90m355| [39m    [34mexpect[39m(error[33m.[39mcode)[33m.[39m[
34mtoBe[39m([33mErrorCode[39m[33m.[39m[33mFILE_NOT_FOUND[39m)[33m;
[39m
    [90m   | [39m                       [31m^[39m
    [90m356| [39m    [34mexpect[39m(error[33m.[39mmessage)[33m.[39
m[34mtoContain[39m([32m'/home/user/file.txt'[39m)[33m;[39m
    [90m357| [39m    [34mexpect[39m(error[33m.[39mdetails[33m.[39m
path)[33m.[39m[34mtoBe[39m([32m'/home/user/file.txt'[39m)[33m;[39m

[31m[2mΓÄ»ΓÄ»ΓÄ»ΓÄ»ΓÄ»ΓÄ»ΓÄ»ΓÄ»ΓÄ»ΓÄ»ΓÄ»ΓÄ»ΓÄ»ΓÄ»ΓÄ»ΓÄ»ΓÄ»ΓÄ»ΓÄ»ΓÄ»ΓÄ»ΓÄ
»ΓÄ»ΓÄ»[4/4]ΓÄ»[22m[39m

[2m Test Files [22m [1m[31m1 failed[39m[22m[90m (1)[39m
[2m      Tests [22m [1m[31m4 failed[39m[22m[2m | [22m[1m[32m64 passed[39m[22m[90m (68)[39m
[2m   Start at [22m 23:12:06
[2m   Duration [22m 911ms[2m (transform 125ms, setup 0ms, collect 167ms, tests 57ms, environment 0ms, prepare 164ms)[22m

